app1 id 1 cnt 1
app1 id 1 cnt 0
app1 id 0 cnt 1
app1 id 2 cnt 1
app1 id 0 cnt 0
app1 id 2 cnt 0
